// Jest Snapshot v1, https://goo.gl/fbAQLP

exports[`*.integration.test.ts should replace deep omit with omitAutogeneratedValues correctly 1`] = `
"import {
  DatabaseConnection,
  getDatabaseConnection,
} from '../../../utils/database/getDatabaseConnection';
import { findById } from './findById.query';
import { upsert } from './upsert.query';
import { omitAutogeneratedValues } from 'domain-objects';
import { createExampleEmail } from '../../../__test_utils__/createExampleEmail';

describe('findById', () => {
  let dbConnection: DatabaseConnection;
  beforeAll(async () => {
    dbConnection = await getDatabaseConnection();
  });
  afterAll(async () => {
    await dbConnection.end();
  });
  it('should be able to find an upserted record', async () => {
    const upserted = await upsert({
      dbConnection,
      email: createExampleEmail(),
    });
    const found = await findById({ dbConnection, id: upserted.id! });
    expect(omitAutogeneratedValues(upserted)).toEqual(omitAutogeneratedValues(found!));
  });
});"
`;
